// Jest Snapshot v1, https://goo.gl/fbAQLP

exports[`renders correctly 1`] = `
<div
  className="AeroList"
>
  <h2>
    Aeroplane List
  </h2>
  <ul
    className="list"
  />
</div>
`;
