// Jest Snapshot v1, https://goo.gl/fbAQLP

exports[`renders correctly 1`] = `
<div>
  <h2>
    Delete Aeroplane
  </h2>
  <ul />
</div>
`;
